# Same script, run before the allow_bf16_reduced_precision_reduction=False line was added.
# This is where all_close fails at N >= 8192. Kept as the evidence for the accuracy finding.

——— Config ———
dtype=bfloat16
device=cuda

——— cuBLAS ———
    N MB moved        ms     GB/s all_close
 2048     8.40  0.016859   498.06 GT

——— Triton1d ———
Block_size        ms     GB/s all_close
       256  0.016745   501.46         1
       512  0.016220   517.70         1
      1024  0.016345   513.72         1
      2048  0.016581   506.43         1

——— Triron2d NAIVE ———
BLOCK_N BLOCK_K        ms     GB/s all_close
     2    256  0.017433   481.66         1
     2    512  0.017224   487.50         1
     2   1024  0.017660   475.48         1
     2   2048  0.017682   474.88         1
     4    256  0.017106   490.87         1
     4    512  0.017447   481.28         1
     4   1024  0.017089   491.36         1
     4   2048  0.017187   488.56         1
     8    256  0.017453   481.11         1
     8    512  0.017409   482.31         1
     8   1024  0.017047   492.56         1
     8   2048  0.017307   485.15         1

——— Triron2d TRUE ———
BLOCK_N BLOCK_K        ms     GB/s all_close
     2    256  0.018167   462.19         1
     2    512  0.017649   475.77         1
     2   1024  0.016706   502.62         1
     2   2048  0.016705   502.65         1
     4    256  0.016485   509.35         1
     4    512  0.016936   495.78         1
     4   1024  0.016857   498.13         1
     4   2048  0.016985   494.35         1
     8    256  0.016498   508.95         1
     8    512  0.017009   493.67         1
     8   1024  0.017215   487.77         1
     8   2048  0.017276   486.05         1

——— cuBLAS ———
    N MB moved        ms     GB/s all_close
 4096    33.57  0.052552   638.81 GT

——— Triton1d ———
Block_size        ms     GB/s all_close
       256  0.046366   724.04         1
       512  0.046085   728.45         1
      1024  0.046630   719.94         1
      2048  0.046283   725.34         1

——— Triron2d NAIVE ———
BLOCK_N BLOCK_K        ms     GB/s all_close
     2    256  0.047884   701.09         1
     2    512  0.046844   716.65         1
     2   1024  0.047722   703.46         1
     2   2048  0.047357   708.89         1
     4    256  0.050917   659.32         1
     4    512  0.050049   670.75         1
     4   1024  0.050333   666.97         1
     4   2048  0.050204   668.69         1
     8    256  0.046897   715.84         1
     8    512  0.047439   707.66         1
     8   1024  0.046401   723.49         1
     8   2048  0.046783   717.58         1

——— Triron2d TRUE ———
BLOCK_N BLOCK_K        ms     GB/s all_close
     2    256  0.049953   672.05         1
     2    512  0.047493   706.87         1
     2   1024  0.046923   715.44         1
     2   2048  0.046535   721.41         1
     4    256  0.049790   674.25         1
     4    512  0.046774   717.72         1
     4   1024  0.046618   720.13         1
     4   2048  0.047098   712.78         1
     8    256  0.046636   719.85         1
     8    512  0.046753   718.05         1
     8   1024  0.046653   719.58         1
     8   2048  0.047495   706.82         1

——— cuBLAS ———
    N MB moved        ms     GB/s all_close
 8192   134.25  0.170395   787.88 GT

——— Triton1d ———
Block_size        ms     GB/s all_close
       256  0.159858   839.81         0
       512  0.159466   841.87         0
      1024  0.159260   842.97         0
      2048  0.159475   841.83         0

——— Triron2d NAIVE ———
BLOCK_N BLOCK_K        ms     GB/s all_close
     2    256  0.161437   831.60         0
     2    512  0.160267   837.67         0
     2   1024  0.160389   837.03         0
     2   2048  0.160565   836.11         0
     4    256  0.168700   795.79         0
     4    512  0.165126   813.02         0
     4   1024  0.165486   811.25         0
     4   2048  0.165488   811.24         0
     8    256  0.182107   737.21         0
     8    512  0.175735   763.94         0
     8   1024  0.177598   755.92         0
     8   2048  0.177080   758.13         0

——— Triron2d TRUE ———
BLOCK_N BLOCK_K        ms     GB/s all_close
     2    256  0.165051   813.39         0
     2    512  0.161160   833.03         0
     2   1024  0.159898   839.60         0
     2   2048  0.159555   841.41         0
     4    256  0.166057   808.46         0
     4    512  0.160116   838.46         0
     4   1024  0.161385   831.86         0
     4   2048  0.159961   839.27         0
     8    256  0.161301   832.30         0
     8    512  0.160027   838.93         0
     8   1024  0.161925   829.09         0
     8   2048  0.160166   838.20         0

——— cuBLAS ———
    N MB moved        ms     GB/s all_close
16384   536.94  0.687834   780.62 GT

——— Triton1d ———
Block_size        ms     GB/s all_close
       256  0.611180   878.52         0
       512  0.611655   877.84         0
      1024  0.610691   879.23         0
      2048  0.610626   879.32         0

——— Triron2d NAIVE ———
BLOCK_N BLOCK_K        ms     GB/s all_close
     2    256  0.612411   876.76         0
     2    512  0.612237   877.01         0
     2   1024  0.611169   878.54         0
     2   2048  0.611275   878.39         0
     4    256  0.634383   846.39         0
     4    512  0.616975   870.27         0
     4   1024  0.618873   867.60         0
     4   2048  0.616791   870.53         0
     8    256  0.668127   803.64         0
     8    512  0.634792   845.85         0
     8   1024  0.642992   835.06         0
     8   2048  0.636464   843.62         0

——— Triron2d TRUE ———
BLOCK_N BLOCK_K        ms     GB/s all_close
     2    256  0.616288   871.24         0
     2    512  0.611721   877.75         0
     2   1024  0.611396   878.21         0
     2   2048  0.611722   877.75         0
     4    256  0.623424   861.27         0
     4    512  0.611543   878.00         0
     4   1024  0.611496   878.07         0
     4   2048  0.610857   878.99         0
     8    256  0.612086   877.22         0
     8    512  0.611293   878.36         0
     8   1024  0.612387   876.79         0
     8   2048  0.611214   878.48         0
