——— Config ———
dtype=bfloat16
device=cuda

——— cuBLAS ———
    N MB moved        ms     GB/s all_close
tensor([ 45.0000,  26.0000, -29.1250,  ..., -26.1250, -68.0000, -79.0000],
       device='cuda:0', dtype=torch.bfloat16)
 2048     8.40  0.017072   491.84 GT

——— Triton1d ———
Block_size        ms     GB/s all_close
       256  0.016391   512.28         1
       512  0.016602   505.77         1
      1024  0.016632   504.86         1
      2048  0.016555   507.21         1

——— Triron2d NAIVE ———
BLOCK_N BLOCK_K        ms     GB/s all_close
     2    256  0.017425   481.87         1
     2    512  0.017176   488.86         1
     2   1024  0.017375   483.27         1
     2   2048  0.017657   475.55         1
     4    256  0.017099   491.07         1
     4    512  0.017190   488.47         1
     4   1024  0.017146   489.74         1
     4   2048  0.016838   498.68         1
     8    256  0.017759   472.81         1
     8    512  0.017147   489.69         1
     8   1024  0.017307   485.18         1
     8   2048  0.016986   494.34         1

——— Triron2d TRUE ———
BLOCK_N BLOCK_K        ms     GB/s all_close
     2    256  0.018468   454.66         1
     2    512  0.017279   485.96         1
     2   1024  0.016991   494.19         1
     2   2048  0.016690   503.11         1
     4    256  0.016466   509.93         1
     4    512  0.016569   506.78         1
     4   1024  0.016853   498.24         1
     4   2048  0.016695   502.95         1
     8    256  0.016487   509.30         1
     8    512  0.016651   504.27         1
     8   1024  0.016832   498.86         1
     8   2048  0.017278   485.97         1

——— cuBLAS ———
    N MB moved        ms     GB/s all_close
tensor([ 44.7500, -16.5000,  76.0000,  ..., -64.5000,  31.6250, -12.0625],
       device='cuda:0', dtype=torch.bfloat16)
 4096    33.57  0.050569   663.87 GT

——— Triton1d ———
Block_size        ms     GB/s all_close
       256  0.046286   725.30         1
       512  0.046440   722.88         1
      1024  0.046273   725.49         1
      2048  0.046463   722.53         1

——— Triron2d NAIVE ———
BLOCK_N BLOCK_K        ms     GB/s all_close
     2    256  0.047741   703.19         1
     2    512  0.046893   715.91         1
     2   1024  0.047792   702.44         1
     2   2048  0.047524   706.39         1
     4    256  0.050591   663.57         1
     4    512  0.049946   672.14         1
     4   1024  0.050248   668.11         1
     4   2048  0.050127   669.71         1
     8    256  0.046718   718.58         1
     8    512  0.046389   723.68         1
     8   1024  0.046541   721.32         1
     8   2048  0.046322   724.73         1

——— Triron2d TRUE ———
BLOCK_N BLOCK_K        ms     GB/s all_close
     2    256  0.049711   675.31         1
     2    512  0.047727   703.40         1
     2   1024  0.046516   721.71         1
     2   2048  0.046694   718.95         1
     4    256  0.050153   669.37         1
     4    512  0.046553   721.13         1
     4   1024  0.046835   716.78         1
     4   2048  0.046736   718.30         1
     8    256  0.046609   720.27         1
     8    512  0.046467   722.46         1
     8   1024  0.046880   716.11         1
     8   2048  0.047320   709.45         1

——— cuBLAS ———
    N MB moved        ms     GB/s all_close
tensor([ -80.0000,  -48.7500,  -28.2500,  ..., -114.5000,  -47.5000,
           4.7500], device='cuda:0', dtype=torch.bfloat16)
 8192   134.25  0.171356   783.46 GT

——— Triton1d ———
Block_size        ms     GB/s all_close
       256  0.159306   842.72         1
       512  0.159162   843.48         1
      1024  0.159430   842.07         1
      2048  0.159111   843.75         1

——— Triron2d NAIVE ———
BLOCK_N BLOCK_K        ms     GB/s all_close
     2    256  0.162329   827.03         1
     2    512  0.159896   839.61         1
     2   1024  0.160654   835.65         1
     2   2048  0.160241   837.81         1
     4    256  0.169509   791.99         1
     4    512  0.164954   813.86         1
     4   1024  0.165761   809.90         1
     4   2048  0.165354   811.90         1
     8    256  0.182518   735.54         1
     8    512  0.175581   764.61         1
     8   1024  0.177565   756.06         1
     8   2048  0.176947   758.70         1

——— Triron2d TRUE ———
BLOCK_N BLOCK_K        ms     GB/s all_close
     2    256  0.164451   816.35         1
     2    512  0.161105   833.31         1
     2   1024  0.159891   839.64         1
     2   2048  0.159587   841.24         1
     4    256  0.166263   807.46         1
     4    512  0.160056   838.77         1
     4   1024  0.161647   830.52         1
     4   2048  0.159923   839.47         1
     8    256  0.161182   832.91         1
     8    512  0.160666   835.59         1
     8   1024  0.161941   829.01         1
     8   2048  0.160536   836.27         1

——— cuBLAS ———
    N MB moved        ms     GB/s all_close
tensor([-276., -173., -137.,  ...,  117.,   86.,  -19.], device='cuda:0',
       dtype=torch.bfloat16)
16384   536.94  0.635306   845.16 GT

——— Triton1d ———
Block_size        ms     GB/s all_close
       256  0.611637   877.87         1
       512  0.611316   878.33         1
      1024  0.610855   878.99         1
      2048  0.610330   879.75         1

——— Triron2d NAIVE ———
BLOCK_N BLOCK_K        ms     GB/s all_close
     2    256  0.612868   876.10         1
     2    512  0.612100   877.20         1
     2   1024  0.611505   878.06         1
     2   2048  0.611342   878.29         1
     4    256  0.634299   846.50         1
     4    512  0.617451   869.60         1
     4   1024  0.618870   867.61         1
     4   2048  0.617302   869.81         1
     8    256  0.669534   801.95         1
     8    512  0.634622   846.07         1
     8   1024  0.643042   834.99         1
     8   2048  0.636221   843.95         1

——— Triron2d TRUE ———
BLOCK_N BLOCK_K        ms     GB/s all_close
     2    256  0.616606   870.79         1
     2    512  0.611243   878.43         1
     2   1024  0.611639   877.87         1
     2   2048  0.611511   878.05         1
     4    256  0.623607   861.02         1
     4    512  0.611873   877.53         1
     4   1024  0.611188   878.51         1
     4   2048  0.611205   878.49         1
     8    256  0.611798   877.64         1
     8    512  0.611329   878.31         1
     8   1024  0.612257   876.98         1
     8   2048  0.611578   877.95         1

